// Jest Snapshot v1, https://goo.gl/fbAQLP

exports[`<Example /> deve renderizar o componente de exemplo 1`] = `
<h1>
  Componente de Exemplo
</h1>
`;
